<?xml version="1.0" encoding="UTF-8"?>
<TestRun id="1ed3c581-495d-4272-95db-5e6577ee7441" name="Morphious@XENIOUS 2012-09-21 02:32:18" runUser="XENIOUS\Morphious" xmlns="http://microsoft.com/schemas/VisualStudio/TeamTest/2010">
  <TestSettings name="Default Test Settings" id="8c3eb83e-0173-4e71-9833-53c84fa7935b">
    <Deployment runDeploymentRoot="Morphious_XENIOUS 2012-09-21 02_32_18">
      <DeploymentItem filename="C:\Users\Morphious\Desktop\Ewok.Machine\Ewok.Machine\bin\Debug\Ewok.Machine.Common.dll" />
      <DeploymentItem filename="C:\Users\Morphious\Desktop\Ewok.Machine\Ewok.Machine.Emu\bin\Debug\Ewok.exe" />
      <DeploymentItem filename="C:\Users\Morphious\Desktop\Ewok.Machine\Ewok.Machine.ProcessingUnit.6811\bin\Debug\Ewok.Machine.ProcessingUnit.6811.dll" />
      <DeploymentItem filename="C:\Users\Morphious\Desktop\Ewok.Machine\Ewok.Machine.Dasm\bin\Debug\Ewok.Machine.Dasm.S19.dll" />
      <DeploymentItem filename="C:\Users\Morphious\Desktop\Ewok.Machine\Ewok.Machine.Debug\bin\Debug\Ewok.Machine.Debug.dll" />
      <DeploymentItem filename="C:\Users\Morphious\Desktop\Ewok.Machine\Ewok.Machine.Common.ProcessingUnit\bin\Debug\Ewok.Machine.Common.ProcessingUnit.dll" />
      <DeploymentItem filename="C:\Users\Morphious\Desktop\Ewok.Machine\Ewok.Machine.Asm.S19\bin\Debug\Ewok.Machine.Asm.S19.exe" />
    </Deployment>
    <Execution>
      <TestTypeSpecific />
      <AgentRule name="Execution Agents">
      </AgentRule>
    </Execution>
  </TestSettings>
  <Times creation="2012-09-21T02:32:18.1906198+10:00" queuing="2012-09-21T02:32:20.0107239+10:00" start="2012-09-21T02:32:20.1937344+10:00" finish="2012-09-21T02:38:02.1732945+10:00" />
  <ResultSummary outcome="Error">
    <Counters total="10" executed="7" passed="6" error="0" failed="0" timeout="0" aborted="1" inconclusive="0" passedButRunAborted="0" notRunnable="0" notExecuted="3" disconnected="0" warning="0" completed="0" inProgress="0" pending="0" />
    <RunInfos>
      <RunInfo computerName="XENIOUS" outcome="Error" timestamp="2012-09-21T02:38:01.8772776+10:00">
        <Text>One of the background threads threw exception: 
System.Exception: [c007] Operand '$c00e' a 32 bit value, must be a 16 bit or 8 bit value. Since the operation implies extended addressing
   at Ewok.Machine.Dasm.S19.ParserS19.aquireMethodParameters(CommonOperation op, Object[]&amp; methodParameters) in C:\Users\Morphious\Desktop\Ewok.Machine\Ewok.Machine.Dasm\ParserS19.cs:line 548
   at Ewok.Machine.Dasm.S19.ParserS19.&lt;&gt;c__DisplayClass8.&lt;buildInstructionMethodReference&gt;b__3() in C:\Users\Morphious\Desktop\Ewok.Machine\Ewok.Machine.Dasm\ParserS19.cs:line 487
   at Ewok.M68HC11.CPU.Operation.Operation.Invoke() in C:\Users\Morphious\Desktop\Ewok.Machine\Ewok.Machine.ProcessingUnit.6811\MPU\Operation\Operation.cs:line 89
   at Ewok.Machine.Common.ProcessingUnit.ProcessingUnit.cycle() in C:\Users\Morphious\Desktop\Ewok.Machine\Ewok.Machine.Common.ProcessingUnit\ProcessingUnit.cs:line 108
   at Ewok.Machine.Common.ProcessingUnit.ProcessingUnit.&lt;init&gt;b__0() in C:\Users\Morphious\Desktop\Ewok.Machine\Ewok.Machine.Common.ProcessingUnit\ProcessingUnit.cs:line 58
   at System.Threading.ThreadHelper.ThreadStart_Context(Object state)
   at System.Threading.ExecutionContext.runTryCode(Object userData)
   at System.Runtime.CompilerServices.RuntimeHelpers.ExecuteCodeWithGuaranteedCleanup(TryCode code, CleanupCode backoutCode, Object userData)
   at System.Threading.ExecutionContext.RunInternal(ExecutionContext executionContext, ContextCallback callback, Object state)
   at System.Threading.ExecutionContext.Run(ExecutionContext executionContext, ContextCallback callback, Object state, Boolean ignoreSyncCtx)
   at System.Threading.ExecutionContext.Run(ExecutionContext executionContext, ContextCallback callback, Object state)
   at System.Threading.ThreadHelper.ThreadStart()</Text>
      </RunInfo>
      <RunInfo computerName="XENIOUS" outcome="Error" timestamp="2012-09-21T02:38:02.1562935+10:00">
        <Text>Test host process exited unexpectedly.</Text>
      </RunInfo>
    </RunInfos>
  </ResultSummary>
  <TestDefinitions>
    <UnitTest name="TestNegation" storage="c:\users\morphious\desktop\ewok.machine\ewok.machine.emu.lang.test\bin\debug\ewok.lang.test.dll" id="b9927f32-cda0-db75-0e8b-87ab650d827a">
      <Execution id="372a1a3d-09bf-4877-bf20-dc904a95e4b6" />
      <TestMethod codeBase="C:/Users/Morphious/Desktop/Ewok.Machine/Ewok.Machine.Emu.Lang.Test/bin/Debug/Ewok.Lang.Test.DLL" adapterTypeName="Microsoft.VisualStudio.TestTools.TestTypes.Unit.UnitTestAdapter, Microsoft.VisualStudio.QualityTools.Tips.UnitTest.Adapter, Version=10.0.0.0, Culture=neutral, PublicKeyToken=b03f5f7f11d50a3a" className="Ewok.Lang.Test.Lang_6811, Ewok.Lang.Test, Version=1.0.0.0, Culture=neutral, PublicKeyToken=null" name="TestNegation" />
    </UnitTest>
    <UnitTest name="TestSubroutines" storage="c:\users\morphious\desktop\ewok.machine\ewok.machine.emu.lang.test\bin\debug\ewok.lang.test.dll" id="782bdfc9-8d74-34ac-8bfd-04daa972eddd">
      <Execution id="eebe38e2-7ee0-4c51-9213-7c5c419cea4c" />
      <TestMethod codeBase="C:/Users/Morphious/Desktop/Ewok.Machine/Ewok.Machine.Emu.Lang.Test/bin/Debug/Ewok.Lang.Test.DLL" adapterTypeName="Microsoft.VisualStudio.TestTools.TestTypes.Unit.UnitTestAdapter, Microsoft.VisualStudio.QualityTools.Tips.UnitTest.Adapter, Version=10.0.0.0, Culture=neutral, PublicKeyToken=b03f5f7f11d50a3a" className="Ewok.Lang.Test.Lang_6811, Ewok.Lang.Test, Version=1.0.0.0, Culture=neutral, PublicKeyToken=null" name="TestSubroutines" />
    </UnitTest>
    <UnitTest name="TestJumping" storage="c:\users\morphious\desktop\ewok.machine\ewok.machine.emu.lang.test\bin\debug\ewok.lang.test.dll" id="d06a1aa4-2d1c-851a-72a4-3aa3d8922a30">
      <Execution id="69f95fe2-92a1-4495-aa62-6347eea97567" />
      <TestMethod codeBase="C:/Users/Morphious/Desktop/Ewok.Machine/Ewok.Machine.Emu.Lang.Test/bin/Debug/Ewok.Lang.Test.DLL" adapterTypeName="Microsoft.VisualStudio.TestTools.TestTypes.Unit.UnitTestAdapter, Microsoft.VisualStudio.QualityTools.Tips.UnitTest.Adapter, Version=10.0.0.0, Culture=neutral, PublicKeyToken=b03f5f7f11d50a3a" className="Ewok.Lang.Test.Lang_6811, Ewok.Lang.Test, Version=1.0.0.0, Culture=neutral, PublicKeyToken=null" name="TestJumping" />
    </UnitTest>
    <UnitTest name="TestInterrupts" storage="c:\users\morphious\desktop\ewok.machine\ewok.machine.emu.lang.test\bin\debug\ewok.lang.test.dll" id="69198047-6440-1cd4-517e-1f4650bf925a">
      <Execution id="df580417-8c05-4ebe-9af8-214c5712a2e1" />
      <TestMethod codeBase="C:/Users/Morphious/Desktop/Ewok.Machine/Ewok.Machine.Emu.Lang.Test/bin/Debug/Ewok.Lang.Test.DLL" adapterTypeName="Microsoft.VisualStudio.TestTools.TestTypes.Unit.UnitTestAdapter, Microsoft.VisualStudio.QualityTools.Tips.UnitTest.Adapter, Version=10.0.0.0, Culture=neutral, PublicKeyToken=b03f5f7f11d50a3a" className="Ewok.Lang.Test.Lang_6811, Ewok.Lang.Test, Version=1.0.0.0, Culture=neutral, PublicKeyToken=null" name="TestInterrupts" />
    </UnitTest>
    <UnitTest name="TestLoadAccumulators" storage="c:\users\morphious\desktop\ewok.machine\ewok.machine.emu.lang.test\bin\debug\ewok.lang.test.dll" id="b9c0067a-4126-9aea-5754-0bf99f15bbe7">
      <Execution id="46857fb3-236e-438d-b2d0-03f8eecd874f" />
      <TestMethod codeBase="C:/Users/Morphious/Desktop/Ewok.Machine/Ewok.Machine.Emu.Lang.Test/bin/Debug/Ewok.Lang.Test.DLL" adapterTypeName="Microsoft.VisualStudio.TestTools.TestTypes.Unit.UnitTestAdapter, Microsoft.VisualStudio.QualityTools.Tips.UnitTest.Adapter, Version=10.0.0.0, Culture=neutral, PublicKeyToken=b03f5f7f11d50a3a" className="Ewok.Lang.Test.Lang_6811, Ewok.Lang.Test, Version=1.0.0.0, Culture=neutral, PublicKeyToken=null" name="TestLoadAccumulators" />
    </UnitTest>
    <UnitTest name="TestLoadIndexRegisters" storage="c:\users\morphious\desktop\ewok.machine\ewok.machine.emu.lang.test\bin\debug\ewok.lang.test.dll" id="0be6db12-fd7a-792c-a953-d369c4213215">
      <Execution id="85c744f7-95f0-4219-99cc-3fe6910c8d08" />
      <TestMethod codeBase="C:/Users/Morphious/Desktop/Ewok.Machine/Ewok.Machine.Emu.Lang.Test/bin/Debug/Ewok.Lang.Test.DLL" adapterTypeName="Microsoft.VisualStudio.TestTools.TestTypes.Unit.UnitTestAdapter, Microsoft.VisualStudio.QualityTools.Tips.UnitTest.Adapter, Version=10.0.0.0, Culture=neutral, PublicKeyToken=b03f5f7f11d50a3a" className="Ewok.Lang.Test.Lang_6811, Ewok.Lang.Test, Version=1.0.0.0, Culture=neutral, PublicKeyToken=null" name="TestLoadIndexRegisters" />
    </UnitTest>
    <UnitTest name="TestRAMOperations" storage="c:\users\morphious\desktop\ewok.machine\ewok.machine.emu.lang.test\bin\debug\ewok.lang.test.dll" id="22c13d98-ab81-f52d-893e-377b1c300f83">
      <Execution id="52e2a21c-678a-4dab-bfb4-dd62f75ee011" />
      <TestMethod codeBase="C:/Users/Morphious/Desktop/Ewok.Machine/Ewok.Machine.Emu.Lang.Test/bin/Debug/Ewok.Lang.Test.DLL" adapterTypeName="Microsoft.VisualStudio.TestTools.TestTypes.Unit.UnitTestAdapter, Microsoft.VisualStudio.QualityTools.Tips.UnitTest.Adapter, Version=10.0.0.0, Culture=neutral, PublicKeyToken=b03f5f7f11d50a3a" className="Ewok.Lang.Test.Lang_6811, Ewok.Lang.Test, Version=1.0.0.0, Culture=neutral, PublicKeyToken=null" name="TestRAMOperations" />
    </UnitTest>
    <UnitTest name="TestSubtraction" storage="c:\users\morphious\desktop\ewok.machine\ewok.machine.emu.lang.test\bin\debug\ewok.lang.test.dll" id="01ecdc32-ebea-8a1d-2d95-b8121f3d911b">
      <Execution id="739acc74-7602-4645-b9af-ea8f05ae5202" />
      <TestMethod codeBase="C:/Users/Morphious/Desktop/Ewok.Machine/Ewok.Machine.Emu.Lang.Test/bin/Debug/Ewok.Lang.Test.DLL" adapterTypeName="Microsoft.VisualStudio.TestTools.TestTypes.Unit.UnitTestAdapter, Microsoft.VisualStudio.QualityTools.Tips.UnitTest.Adapter, Version=10.0.0.0, Culture=neutral, PublicKeyToken=b03f5f7f11d50a3a" className="Ewok.Lang.Test.Lang_6811, Ewok.Lang.Test, Version=1.0.0.0, Culture=neutral, PublicKeyToken=null" name="TestSubtraction" />
    </UnitTest>
    <UnitTest name="TestAddition" storage="c:\users\morphious\desktop\ewok.machine\ewok.machine.emu.lang.test\bin\debug\ewok.lang.test.dll" id="87e98c1c-8de4-c15a-dd5d-ee3e8effbd88">
      <Execution id="0baedf49-172a-4c27-9246-45d22671295c" />
      <TestMethod codeBase="C:/Users/Morphious/Desktop/Ewok.Machine/Ewok.Machine.Emu.Lang.Test/bin/Debug/Ewok.Lang.Test.DLL" adapterTypeName="Microsoft.VisualStudio.TestTools.TestTypes.Unit.UnitTestAdapter, Microsoft.VisualStudio.QualityTools.Tips.UnitTest.Adapter, Version=10.0.0.0, Culture=neutral, PublicKeyToken=b03f5f7f11d50a3a" className="Ewok.Lang.Test.Lang_6811, Ewok.Lang.Test, Version=1.0.0.0, Culture=neutral, PublicKeyToken=null" name="TestAddition" />
    </UnitTest>
    <UnitTest name="TestStackOperations" storage="c:\users\morphious\desktop\ewok.machine\ewok.machine.emu.lang.test\bin\debug\ewok.lang.test.dll" id="a1c85a3e-f83c-203f-656c-63047d98dd68">
      <Execution id="9808e701-36b4-46cb-a374-32259490f232" />
      <TestMethod codeBase="C:/Users/Morphious/Desktop/Ewok.Machine/Ewok.Machine.Emu.Lang.Test/bin/Debug/Ewok.Lang.Test.DLL" adapterTypeName="Microsoft.VisualStudio.TestTools.TestTypes.Unit.UnitTestAdapter, Microsoft.VisualStudio.QualityTools.Tips.UnitTest.Adapter, Version=10.0.0.0, Culture=neutral, PublicKeyToken=b03f5f7f11d50a3a" className="Ewok.Lang.Test.Lang_6811, Ewok.Lang.Test, Version=1.0.0.0, Culture=neutral, PublicKeyToken=null" name="TestStackOperations" />
    </UnitTest>
  </TestDefinitions>
  <TestLists>
    <TestList name="Results Not in a List" id="8c84fa94-04c1-424b-9868-57a2d4851a1d" />
    <TestList name="All Loaded Results" id="19431567-8539-422a-85d7-44ee4e166bda" />
  </TestLists>
  <TestEntries>
    <TestEntry testId="b9c0067a-4126-9aea-5754-0bf99f15bbe7" executionId="46857fb3-236e-438d-b2d0-03f8eecd874f" testListId="8c84fa94-04c1-424b-9868-57a2d4851a1d" />
    <TestEntry testId="0be6db12-fd7a-792c-a953-d369c4213215" executionId="85c744f7-95f0-4219-99cc-3fe6910c8d08" testListId="8c84fa94-04c1-424b-9868-57a2d4851a1d" />
    <TestEntry testId="87e98c1c-8de4-c15a-dd5d-ee3e8effbd88" executionId="0baedf49-172a-4c27-9246-45d22671295c" testListId="8c84fa94-04c1-424b-9868-57a2d4851a1d" />
    <TestEntry testId="01ecdc32-ebea-8a1d-2d95-b8121f3d911b" executionId="739acc74-7602-4645-b9af-ea8f05ae5202" testListId="8c84fa94-04c1-424b-9868-57a2d4851a1d" />
    <TestEntry testId="b9927f32-cda0-db75-0e8b-87ab650d827a" executionId="372a1a3d-09bf-4877-bf20-dc904a95e4b6" testListId="8c84fa94-04c1-424b-9868-57a2d4851a1d" />
    <TestEntry testId="d06a1aa4-2d1c-851a-72a4-3aa3d8922a30" executionId="69f95fe2-92a1-4495-aa62-6347eea97567" testListId="8c84fa94-04c1-424b-9868-57a2d4851a1d" />
    <TestEntry testId="782bdfc9-8d74-34ac-8bfd-04daa972eddd" executionId="eebe38e2-7ee0-4c51-9213-7c5c419cea4c" testListId="8c84fa94-04c1-424b-9868-57a2d4851a1d" />
    <TestEntry testId="a1c85a3e-f83c-203f-656c-63047d98dd68" executionId="9808e701-36b4-46cb-a374-32259490f232" testListId="8c84fa94-04c1-424b-9868-57a2d4851a1d" />
    <TestEntry testId="22c13d98-ab81-f52d-893e-377b1c300f83" executionId="52e2a21c-678a-4dab-bfb4-dd62f75ee011" testListId="8c84fa94-04c1-424b-9868-57a2d4851a1d" />
    <TestEntry testId="69198047-6440-1cd4-517e-1f4650bf925a" executionId="df580417-8c05-4ebe-9af8-214c5712a2e1" testListId="8c84fa94-04c1-424b-9868-57a2d4851a1d" />
  </TestEntries>
  <Results>
    <UnitTestResult executionId="46857fb3-236e-438d-b2d0-03f8eecd874f" testId="b9c0067a-4126-9aea-5754-0bf99f15bbe7" testName="TestLoadAccumulators" computerName="XENIOUS" duration="00:00:00.1326641" startTime="2012-09-21T02:32:20.3207417+10:00" endTime="2012-09-21T02:32:22.3358569+10:00" testType="13cdc9d9-ddb5-4fa4-a97d-d965ccfc6d4b" outcome="Passed" testListId="8c84fa94-04c1-424b-9868-57a2d4851a1d" relativeResultsDirectory="46857fb3-236e-438d-b2d0-03f8eecd874f">
    </UnitTestResult>
    <UnitTestResult executionId="85c744f7-95f0-4219-99cc-3fe6910c8d08" testId="0be6db12-fd7a-792c-a953-d369c4213215" testName="TestLoadIndexRegisters" computerName="XENIOUS" duration="00:00:00.1737146" startTime="2012-09-21T02:32:22.3588582+10:00" endTime="2012-09-21T02:32:22.5428688+10:00" testType="13cdc9d9-ddb5-4fa4-a97d-d965ccfc6d4b" outcome="Passed" testListId="8c84fa94-04c1-424b-9868-57a2d4851a1d" relativeResultsDirectory="85c744f7-95f0-4219-99cc-3fe6910c8d08">
    </UnitTestResult>
    <UnitTestResult executionId="0baedf49-172a-4c27-9246-45d22671295c" testId="87e98c1c-8de4-c15a-dd5d-ee3e8effbd88" testName="TestAddition" computerName="XENIOUS" duration="00:00:00.1567681" startTime="2012-09-21T02:32:22.5548694+10:00" endTime="2012-09-21T02:32:22.7228791+10:00" testType="13cdc9d9-ddb5-4fa4-a97d-d965ccfc6d4b" outcome="Passed" testListId="8c84fa94-04c1-424b-9868-57a2d4851a1d" relativeResultsDirectory="0baedf49-172a-4c27-9246-45d22671295c">
    </UnitTestResult>
    <UnitTestResult executionId="739acc74-7602-4645-b9af-ea8f05ae5202" testId="01ecdc32-ebea-8a1d-2d95-b8121f3d911b" testName="TestSubtraction" computerName="XENIOUS" duration="00:00:00.0873680" startTime="2012-09-21T02:32:22.7338797+10:00" endTime="2012-09-21T02:32:22.8308852+10:00" testType="13cdc9d9-ddb5-4fa4-a97d-d965ccfc6d4b" outcome="Passed" testListId="8c84fa94-04c1-424b-9868-57a2d4851a1d" relativeResultsDirectory="739acc74-7602-4645-b9af-ea8f05ae5202">
    </UnitTestResult>
    <UnitTestResult executionId="372a1a3d-09bf-4877-bf20-dc904a95e4b6" testId="b9927f32-cda0-db75-0e8b-87ab650d827a" testName="TestNegation" computerName="XENIOUS" duration="00:00:00.0656451" startTime="2012-09-21T02:32:22.8438860+10:00" endTime="2012-09-21T02:32:22.9158901+10:00" testType="13cdc9d9-ddb5-4fa4-a97d-d965ccfc6d4b" outcome="Passed" testListId="8c84fa94-04c1-424b-9868-57a2d4851a1d" relativeResultsDirectory="372a1a3d-09bf-4877-bf20-dc904a95e4b6">
    </UnitTestResult>
    <UnitTestResult executionId="69f95fe2-92a1-4495-aa62-6347eea97567" testId="d06a1aa4-2d1c-851a-72a4-3aa3d8922a30" testName="TestJumping" computerName="XENIOUS" duration="00:00:00.0563262" startTime="2012-09-21T02:32:22.9278908+10:00" endTime="2012-09-21T02:32:23.0058952+10:00" testType="13cdc9d9-ddb5-4fa4-a97d-d965ccfc6d4b" outcome="Passed" testListId="8c84fa94-04c1-424b-9868-57a2d4851a1d" relativeResultsDirectory="69f95fe2-92a1-4495-aa62-6347eea97567">
    </UnitTestResult>
    <UnitTestResult executionId="eebe38e2-7ee0-4c51-9213-7c5c419cea4c" testId="782bdfc9-8d74-34ac-8bfd-04daa972eddd" testName="TestSubroutines" computerName="XENIOUS" duration="00:05:39.1493983" startTime="2012-09-21T02:32:23.0228962+10:00" endTime="2012-09-21T02:38:02.1722945+10:00" testType="13cdc9d9-ddb5-4fa4-a97d-d965ccfc6d4b" outcome="Aborted" testListId="8c84fa94-04c1-424b-9868-57a2d4851a1d" relativeResultsDirectory="eebe38e2-7ee0-4c51-9213-7c5c419cea4c">
    </UnitTestResult>
    <UnitTestResult executionId="9808e701-36b4-46cb-a374-32259490f232" testId="a1c85a3e-f83c-203f-656c-63047d98dd68" testName="TestStackOperations" computerName="XENIOUS" testType="13cdc9d9-ddb5-4fa4-a97d-d965ccfc6d4b" outcome="NotExecuted" testListId="8c84fa94-04c1-424b-9868-57a2d4851a1d" relativeResultsDirectory="9808e701-36b4-46cb-a374-32259490f232">
    </UnitTestResult>
    <UnitTestResult executionId="52e2a21c-678a-4dab-bfb4-dd62f75ee011" testId="22c13d98-ab81-f52d-893e-377b1c300f83" testName="TestRAMOperations" computerName="XENIOUS" testType="13cdc9d9-ddb5-4fa4-a97d-d965ccfc6d4b" outcome="NotExecuted" testListId="8c84fa94-04c1-424b-9868-57a2d4851a1d" relativeResultsDirectory="52e2a21c-678a-4dab-bfb4-dd62f75ee011">
    </UnitTestResult>
    <UnitTestResult executionId="df580417-8c05-4ebe-9af8-214c5712a2e1" testId="69198047-6440-1cd4-517e-1f4650bf925a" testName="TestInterrupts" computerName="XENIOUS" testType="13cdc9d9-ddb5-4fa4-a97d-d965ccfc6d4b" outcome="NotExecuted" testListId="8c84fa94-04c1-424b-9868-57a2d4851a1d" relativeResultsDirectory="df580417-8c05-4ebe-9af8-214c5712a2e1">
    </UnitTestResult>
  </Results>
</TestRun>