<?xml version="1.0" encoding="UTF-8"?>
<TestRun id="2a0cc23f-9f7f-4c6f-9875-4ce79735f493" name="Morphious@XENIOUS 2012-09-21 03:10:56" runUser="XENIOUS\Morphious" xmlns="http://microsoft.com/schemas/VisualStudio/TeamTest/2010">
  <TestSettings name="Default Test Settings" id="9fe2541e-dffb-4ab3-b129-5c44728011f8">
    <Deployment runDeploymentRoot="Morphious_XENIOUS 2012-09-21 03_10_56">
      <DeploymentItem filename="C:\Users\Morphious\Desktop\Ewok.Machine\Ewok.Machine\bin\Debug\Ewok.Machine.Common.dll" />
      <DeploymentItem filename="C:\Users\Morphious\Desktop\Ewok.Machine\Ewok.Machine.Emu\bin\Debug\Ewok.exe" />
      <DeploymentItem filename="C:\Users\Morphious\Desktop\Ewok.Machine\Ewok.Machine.ProcessingUnit.6811\bin\Debug\Ewok.Machine.ProcessingUnit.6811.dll" />
      <DeploymentItem filename="C:\Users\Morphious\Desktop\Ewok.Machine\Ewok.Machine.Dasm\bin\Debug\Ewok.Machine.Dasm.S19.dll" />
      <DeploymentItem filename="C:\Users\Morphious\Desktop\Ewok.Machine\Ewok.Machine.Debug\bin\Debug\Ewok.Machine.Debug.dll" />
      <DeploymentItem filename="C:\Users\Morphious\Desktop\Ewok.Machine\Ewok.Machine.Common.ProcessingUnit\bin\Debug\Ewok.Machine.Common.ProcessingUnit.dll" />
      <DeploymentItem filename="C:\Users\Morphious\Desktop\Ewok.Machine\Ewok.Machine.Asm.S19\bin\Debug\Ewok.Machine.Asm.S19.exe" />
    </Deployment>
    <Execution>
      <TestTypeSpecific />
      <AgentRule name="Execution Agents">
      </AgentRule>
    </Execution>
  </TestSettings>
  <Times creation="2012-09-21T03:10:56.3312099+10:00" queuing="2012-09-21T03:10:58.1043113+10:00" start="2012-09-21T03:10:58.3313243+10:00" finish="2012-09-21T03:11:08.9789333+10:00" />
  <ResultSummary outcome="Inconclusive">
    <Counters total="10" executed="10" passed="9" error="0" failed="0" timeout="0" aborted="0" inconclusive="1" passedButRunAborted="0" notRunnable="0" notExecuted="0" disconnected="0" warning="0" completed="0" inProgress="0" pending="0" />
  </ResultSummary>
  <TestDefinitions>
    <UnitTest name="TestNegation" storage="c:\users\morphious\desktop\ewok.machine\ewok.machine.emu.lang.test\bin\debug\ewok.lang.test.dll" id="b9927f32-cda0-db75-0e8b-87ab650d827a">
      <Execution id="42a38d19-5938-4c7a-b963-4f26db1f13b0" />
      <TestMethod codeBase="C:/Users/Morphious/Desktop/Ewok.Machine/Ewok.Machine.Emu.Lang.Test/bin/Debug/Ewok.Lang.Test.DLL" adapterTypeName="Microsoft.VisualStudio.TestTools.TestTypes.Unit.UnitTestAdapter, Microsoft.VisualStudio.QualityTools.Tips.UnitTest.Adapter, Version=10.0.0.0, Culture=neutral, PublicKeyToken=b03f5f7f11d50a3a" className="Ewok.Lang.Test.Lang_6811, Ewok.Lang.Test, Version=1.0.0.0, Culture=neutral, PublicKeyToken=null" name="TestNegation" />
    </UnitTest>
    <UnitTest name="TestSubroutines" storage="c:\users\morphious\desktop\ewok.machine\ewok.machine.emu.lang.test\bin\debug\ewok.lang.test.dll" id="782bdfc9-8d74-34ac-8bfd-04daa972eddd">
      <Execution id="b061ab09-6a05-4e75-8bec-af8348b64a37" />
      <TestMethod codeBase="C:/Users/Morphious/Desktop/Ewok.Machine/Ewok.Machine.Emu.Lang.Test/bin/Debug/Ewok.Lang.Test.DLL" adapterTypeName="Microsoft.VisualStudio.TestTools.TestTypes.Unit.UnitTestAdapter, Microsoft.VisualStudio.QualityTools.Tips.UnitTest.Adapter, Version=10.0.0.0, Culture=neutral, PublicKeyToken=b03f5f7f11d50a3a" className="Ewok.Lang.Test.Lang_6811, Ewok.Lang.Test, Version=1.0.0.0, Culture=neutral, PublicKeyToken=null" name="TestSubroutines" />
    </UnitTest>
    <UnitTest name="TestJumping" storage="c:\users\morphious\desktop\ewok.machine\ewok.machine.emu.lang.test\bin\debug\ewok.lang.test.dll" id="d06a1aa4-2d1c-851a-72a4-3aa3d8922a30">
      <Execution id="b371b3f7-c106-4789-b137-43a45448b660" />
      <TestMethod codeBase="C:/Users/Morphious/Desktop/Ewok.Machine/Ewok.Machine.Emu.Lang.Test/bin/Debug/Ewok.Lang.Test.DLL" adapterTypeName="Microsoft.VisualStudio.TestTools.TestTypes.Unit.UnitTestAdapter, Microsoft.VisualStudio.QualityTools.Tips.UnitTest.Adapter, Version=10.0.0.0, Culture=neutral, PublicKeyToken=b03f5f7f11d50a3a" className="Ewok.Lang.Test.Lang_6811, Ewok.Lang.Test, Version=1.0.0.0, Culture=neutral, PublicKeyToken=null" name="TestJumping" />
    </UnitTest>
    <UnitTest name="TestInterrupts" storage="c:\users\morphious\desktop\ewok.machine\ewok.machine.emu.lang.test\bin\debug\ewok.lang.test.dll" id="69198047-6440-1cd4-517e-1f4650bf925a">
      <Execution id="4e75bd39-398d-4297-8051-8056ec212e1c" />
      <TestMethod codeBase="C:/Users/Morphious/Desktop/Ewok.Machine/Ewok.Machine.Emu.Lang.Test/bin/Debug/Ewok.Lang.Test.DLL" adapterTypeName="Microsoft.VisualStudio.TestTools.TestTypes.Unit.UnitTestAdapter, Microsoft.VisualStudio.QualityTools.Tips.UnitTest.Adapter, Version=10.0.0.0, Culture=neutral, PublicKeyToken=b03f5f7f11d50a3a" className="Ewok.Lang.Test.Lang_6811, Ewok.Lang.Test, Version=1.0.0.0, Culture=neutral, PublicKeyToken=null" name="TestInterrupts" />
    </UnitTest>
    <UnitTest name="TestLoadAccumulators" storage="c:\users\morphious\desktop\ewok.machine\ewok.machine.emu.lang.test\bin\debug\ewok.lang.test.dll" id="b9c0067a-4126-9aea-5754-0bf99f15bbe7">
      <Execution id="319ece59-2a3d-4087-8d41-0c13af69ce81" />
      <TestMethod codeBase="C:/Users/Morphious/Desktop/Ewok.Machine/Ewok.Machine.Emu.Lang.Test/bin/Debug/Ewok.Lang.Test.DLL" adapterTypeName="Microsoft.VisualStudio.TestTools.TestTypes.Unit.UnitTestAdapter, Microsoft.VisualStudio.QualityTools.Tips.UnitTest.Adapter, Version=10.0.0.0, Culture=neutral, PublicKeyToken=b03f5f7f11d50a3a" className="Ewok.Lang.Test.Lang_6811, Ewok.Lang.Test, Version=1.0.0.0, Culture=neutral, PublicKeyToken=null" name="TestLoadAccumulators" />
    </UnitTest>
    <UnitTest name="TestLoadIndexRegisters" storage="c:\users\morphious\desktop\ewok.machine\ewok.machine.emu.lang.test\bin\debug\ewok.lang.test.dll" id="0be6db12-fd7a-792c-a953-d369c4213215">
      <Execution id="2f5cbdb3-dc93-4cfe-aaa3-73ad3738e619" />
      <TestMethod codeBase="C:/Users/Morphious/Desktop/Ewok.Machine/Ewok.Machine.Emu.Lang.Test/bin/Debug/Ewok.Lang.Test.DLL" adapterTypeName="Microsoft.VisualStudio.TestTools.TestTypes.Unit.UnitTestAdapter, Microsoft.VisualStudio.QualityTools.Tips.UnitTest.Adapter, Version=10.0.0.0, Culture=neutral, PublicKeyToken=b03f5f7f11d50a3a" className="Ewok.Lang.Test.Lang_6811, Ewok.Lang.Test, Version=1.0.0.0, Culture=neutral, PublicKeyToken=null" name="TestLoadIndexRegisters" />
    </UnitTest>
    <UnitTest name="TestRAMOperations" storage="c:\users\morphious\desktop\ewok.machine\ewok.machine.emu.lang.test\bin\debug\ewok.lang.test.dll" id="22c13d98-ab81-f52d-893e-377b1c300f83">
      <Execution id="41df5dc3-b363-4c5e-8fd8-e0b8fb81a09a" />
      <TestMethod codeBase="C:/Users/Morphious/Desktop/Ewok.Machine/Ewok.Machine.Emu.Lang.Test/bin/Debug/Ewok.Lang.Test.DLL" adapterTypeName="Microsoft.VisualStudio.TestTools.TestTypes.Unit.UnitTestAdapter, Microsoft.VisualStudio.QualityTools.Tips.UnitTest.Adapter, Version=10.0.0.0, Culture=neutral, PublicKeyToken=b03f5f7f11d50a3a" className="Ewok.Lang.Test.Lang_6811, Ewok.Lang.Test, Version=1.0.0.0, Culture=neutral, PublicKeyToken=null" name="TestRAMOperations" />
    </UnitTest>
    <UnitTest name="TestSubtraction" storage="c:\users\morphious\desktop\ewok.machine\ewok.machine.emu.lang.test\bin\debug\ewok.lang.test.dll" id="01ecdc32-ebea-8a1d-2d95-b8121f3d911b">
      <Execution id="461b850d-5725-4e36-885d-a8835c0a6c22" />
      <TestMethod codeBase="C:/Users/Morphious/Desktop/Ewok.Machine/Ewok.Machine.Emu.Lang.Test/bin/Debug/Ewok.Lang.Test.DLL" adapterTypeName="Microsoft.VisualStudio.TestTools.TestTypes.Unit.UnitTestAdapter, Microsoft.VisualStudio.QualityTools.Tips.UnitTest.Adapter, Version=10.0.0.0, Culture=neutral, PublicKeyToken=b03f5f7f11d50a3a" className="Ewok.Lang.Test.Lang_6811, Ewok.Lang.Test, Version=1.0.0.0, Culture=neutral, PublicKeyToken=null" name="TestSubtraction" />
    </UnitTest>
    <UnitTest name="TestAddition" storage="c:\users\morphious\desktop\ewok.machine\ewok.machine.emu.lang.test\bin\debug\ewok.lang.test.dll" id="87e98c1c-8de4-c15a-dd5d-ee3e8effbd88">
      <Execution id="313d8fd5-66e7-42ea-a988-aacf13e56c66" />
      <TestMethod codeBase="C:/Users/Morphious/Desktop/Ewok.Machine/Ewok.Machine.Emu.Lang.Test/bin/Debug/Ewok.Lang.Test.DLL" adapterTypeName="Microsoft.VisualStudio.TestTools.TestTypes.Unit.UnitTestAdapter, Microsoft.VisualStudio.QualityTools.Tips.UnitTest.Adapter, Version=10.0.0.0, Culture=neutral, PublicKeyToken=b03f5f7f11d50a3a" className="Ewok.Lang.Test.Lang_6811, Ewok.Lang.Test, Version=1.0.0.0, Culture=neutral, PublicKeyToken=null" name="TestAddition" />
    </UnitTest>
    <UnitTest name="TestStackOperations" storage="c:\users\morphious\desktop\ewok.machine\ewok.machine.emu.lang.test\bin\debug\ewok.lang.test.dll" id="a1c85a3e-f83c-203f-656c-63047d98dd68">
      <Execution id="e2e27704-63fb-4cae-8dcb-78aff11aac0c" />
      <TestMethod codeBase="C:/Users/Morphious/Desktop/Ewok.Machine/Ewok.Machine.Emu.Lang.Test/bin/Debug/Ewok.Lang.Test.DLL" adapterTypeName="Microsoft.VisualStudio.TestTools.TestTypes.Unit.UnitTestAdapter, Microsoft.VisualStudio.QualityTools.Tips.UnitTest.Adapter, Version=10.0.0.0, Culture=neutral, PublicKeyToken=b03f5f7f11d50a3a" className="Ewok.Lang.Test.Lang_6811, Ewok.Lang.Test, Version=1.0.0.0, Culture=neutral, PublicKeyToken=null" name="TestStackOperations" />
    </UnitTest>
  </TestDefinitions>
  <TestLists>
    <TestList name="Results Not in a List" id="8c84fa94-04c1-424b-9868-57a2d4851a1d" />
    <TestList name="All Loaded Results" id="19431567-8539-422a-85d7-44ee4e166bda" />
  </TestLists>
  <TestEntries>
    <TestEntry testId="b9c0067a-4126-9aea-5754-0bf99f15bbe7" executionId="319ece59-2a3d-4087-8d41-0c13af69ce81" testListId="8c84fa94-04c1-424b-9868-57a2d4851a1d" />
    <TestEntry testId="0be6db12-fd7a-792c-a953-d369c4213215" executionId="2f5cbdb3-dc93-4cfe-aaa3-73ad3738e619" testListId="8c84fa94-04c1-424b-9868-57a2d4851a1d" />
    <TestEntry testId="87e98c1c-8de4-c15a-dd5d-ee3e8effbd88" executionId="313d8fd5-66e7-42ea-a988-aacf13e56c66" testListId="8c84fa94-04c1-424b-9868-57a2d4851a1d" />
    <TestEntry testId="01ecdc32-ebea-8a1d-2d95-b8121f3d911b" executionId="461b850d-5725-4e36-885d-a8835c0a6c22" testListId="8c84fa94-04c1-424b-9868-57a2d4851a1d" />
    <TestEntry testId="b9927f32-cda0-db75-0e8b-87ab650d827a" executionId="42a38d19-5938-4c7a-b963-4f26db1f13b0" testListId="8c84fa94-04c1-424b-9868-57a2d4851a1d" />
    <TestEntry testId="d06a1aa4-2d1c-851a-72a4-3aa3d8922a30" executionId="b371b3f7-c106-4789-b137-43a45448b660" testListId="8c84fa94-04c1-424b-9868-57a2d4851a1d" />
    <TestEntry testId="782bdfc9-8d74-34ac-8bfd-04daa972eddd" executionId="b061ab09-6a05-4e75-8bec-af8348b64a37" testListId="8c84fa94-04c1-424b-9868-57a2d4851a1d" />
    <TestEntry testId="a1c85a3e-f83c-203f-656c-63047d98dd68" executionId="e2e27704-63fb-4cae-8dcb-78aff11aac0c" testListId="8c84fa94-04c1-424b-9868-57a2d4851a1d" />
    <TestEntry testId="22c13d98-ab81-f52d-893e-377b1c300f83" executionId="41df5dc3-b363-4c5e-8fd8-e0b8fb81a09a" testListId="8c84fa94-04c1-424b-9868-57a2d4851a1d" />
    <TestEntry testId="69198047-6440-1cd4-517e-1f4650bf925a" executionId="4e75bd39-398d-4297-8051-8056ec212e1c" testListId="8c84fa94-04c1-424b-9868-57a2d4851a1d" />
  </TestEntries>
  <Results>
    <UnitTestResult executionId="319ece59-2a3d-4087-8d41-0c13af69ce81" testId="b9c0067a-4126-9aea-5754-0bf99f15bbe7" testName="TestLoadAccumulators" computerName="XENIOUS" duration="00:00:00.1370222" startTime="2012-09-21T03:10:58.4623318+10:00" endTime="2012-09-21T03:11:00.6024542+10:00" testType="13cdc9d9-ddb5-4fa4-a97d-d965ccfc6d4b" outcome="Passed" testListId="8c84fa94-04c1-424b-9868-57a2d4851a1d" relativeResultsDirectory="319ece59-2a3d-4087-8d41-0c13af69ce81">
    </UnitTestResult>
    <UnitTestResult executionId="2f5cbdb3-dc93-4cfe-aaa3-73ad3738e619" testId="0be6db12-fd7a-792c-a953-d369c4213215" testName="TestLoadIndexRegisters" computerName="XENIOUS" duration="00:00:00.1781830" startTime="2012-09-21T03:11:00.6454566+10:00" endTime="2012-09-21T03:11:00.8544686+10:00" testType="13cdc9d9-ddb5-4fa4-a97d-d965ccfc6d4b" outcome="Passed" testListId="8c84fa94-04c1-424b-9868-57a2d4851a1d" relativeResultsDirectory="2f5cbdb3-dc93-4cfe-aaa3-73ad3738e619">
    </UnitTestResult>
    <UnitTestResult executionId="313d8fd5-66e7-42ea-a988-aacf13e56c66" testId="87e98c1c-8de4-c15a-dd5d-ee3e8effbd88" testName="TestAddition" computerName="XENIOUS" duration="00:00:00.2924482" startTime="2012-09-21T03:11:00.8704695+10:00" endTime="2012-09-21T03:11:01.1724868+10:00" testType="13cdc9d9-ddb5-4fa4-a97d-d965ccfc6d4b" outcome="Passed" testListId="8c84fa94-04c1-424b-9868-57a2d4851a1d" relativeResultsDirectory="313d8fd5-66e7-42ea-a988-aacf13e56c66">
    </UnitTestResult>
    <UnitTestResult executionId="461b850d-5725-4e36-885d-a8835c0a6c22" testId="01ecdc32-ebea-8a1d-2d95-b8121f3d911b" testName="TestSubtraction" computerName="XENIOUS" duration="00:00:00.0876028" startTime="2012-09-21T03:11:01.1934880+10:00" endTime="2012-09-21T03:11:01.2914936+10:00" testType="13cdc9d9-ddb5-4fa4-a97d-d965ccfc6d4b" outcome="Passed" testListId="8c84fa94-04c1-424b-9868-57a2d4851a1d" relativeResultsDirectory="461b850d-5725-4e36-885d-a8835c0a6c22">
    </UnitTestResult>
    <UnitTestResult executionId="42a38d19-5938-4c7a-b963-4f26db1f13b0" testId="b9927f32-cda0-db75-0e8b-87ab650d827a" testName="TestNegation" computerName="XENIOUS" duration="00:00:00.0552604" startTime="2012-09-21T03:11:01.3074945+10:00" endTime="2012-09-21T03:11:01.3714982+10:00" testType="13cdc9d9-ddb5-4fa4-a97d-d965ccfc6d4b" outcome="Passed" testListId="8c84fa94-04c1-424b-9868-57a2d4851a1d" relativeResultsDirectory="42a38d19-5938-4c7a-b963-4f26db1f13b0">
    </UnitTestResult>
    <UnitTestResult executionId="b371b3f7-c106-4789-b137-43a45448b660" testId="d06a1aa4-2d1c-851a-72a4-3aa3d8922a30" testName="TestJumping" computerName="XENIOUS" duration="00:00:00.0602425" startTime="2012-09-21T03:11:01.3894992+10:00" endTime="2012-09-21T03:11:01.4565030+10:00" testType="13cdc9d9-ddb5-4fa4-a97d-d965ccfc6d4b" outcome="Passed" testListId="8c84fa94-04c1-424b-9868-57a2d4851a1d" relativeResultsDirectory="b371b3f7-c106-4789-b137-43a45448b660">
    </UnitTestResult>
    <UnitTestResult executionId="b061ab09-6a05-4e75-8bec-af8348b64a37" testId="782bdfc9-8d74-34ac-8bfd-04daa972eddd" testName="TestSubroutines" computerName="XENIOUS" duration="00:00:00.4101436" startTime="2012-09-21T03:11:01.4775042+10:00" endTime="2012-09-21T03:11:01.8965282+10:00" testType="13cdc9d9-ddb5-4fa4-a97d-d965ccfc6d4b" outcome="Passed" testListId="8c84fa94-04c1-424b-9868-57a2d4851a1d" relativeResultsDirectory="b061ab09-6a05-4e75-8bec-af8348b64a37">
    </UnitTestResult>
    <UnitTestResult executionId="e2e27704-63fb-4cae-8dcb-78aff11aac0c" testId="a1c85a3e-f83c-203f-656c-63047d98dd68" testName="TestStackOperations" computerName="XENIOUS" duration="00:00:00.2656422" startTime="2012-09-21T03:11:01.9145292+10:00" endTime="2012-09-21T03:11:02.1895450+10:00" testType="13cdc9d9-ddb5-4fa4-a97d-d965ccfc6d4b" outcome="Passed" testListId="8c84fa94-04c1-424b-9868-57a2d4851a1d" relativeResultsDirectory="e2e27704-63fb-4cae-8dcb-78aff11aac0c">
    </UnitTestResult>
    <UnitTestResult executionId="41df5dc3-b363-4c5e-8fd8-e0b8fb81a09a" testId="22c13d98-ab81-f52d-893e-377b1c300f83" testName="TestRAMOperations" computerName="XENIOUS" duration="00:00:00.1730384" startTime="2012-09-21T03:11:02.2035458+10:00" endTime="2012-09-21T03:11:02.3885563+10:00" testType="13cdc9d9-ddb5-4fa4-a97d-d965ccfc6d4b" outcome="Passed" testListId="8c84fa94-04c1-424b-9868-57a2d4851a1d" relativeResultsDirectory="41df5dc3-b363-4c5e-8fd8-e0b8fb81a09a">
    </UnitTestResult>
    <UnitTestResult executionId="4e75bd39-398d-4297-8051-8056ec212e1c" testId="69198047-6440-1cd4-517e-1f4650bf925a" testName="TestInterrupts" computerName="XENIOUS" duration="00:00:06.3269391" startTime="2012-09-21T03:11:02.4145578+10:00" endTime="2012-09-21T03:11:08.7509202+10:00" testType="13cdc9d9-ddb5-4fa4-a97d-d965ccfc6d4b" outcome="Inconclusive" testListId="8c84fa94-04c1-424b-9868-57a2d4851a1d" relativeResultsDirectory="4e75bd39-398d-4297-8051-8056ec212e1c">
      <Output>
        <ErrorInfo>
          <Message>Assert.Inconclusive failed. Interrupt operations not implemented at all yet</Message>
          <StackTrace>   at Ewok.Lang.Test.Lang_6811.TestInterrupts() in C:\Users\Morphious\Desktop\Ewok.Machine\Ewok.Machine.Emu.Lang.Test\Lang.6811.cs:line 457
</StackTrace>
        </ErrorInfo>
      </Output>
    </UnitTestResult>
  </Results>
</TestRun>