<?xml version="1.0" encoding="UTF-8"?>
<TestRun id="60a0001c-721c-4f20-b2c3-b21a8ac570b7" name="Morphious@XENIOUS 2012-09-21 02:48:03" runUser="XENIOUS\Morphious" xmlns="http://microsoft.com/schemas/VisualStudio/TeamTest/2010">
  <TestSettings name="Default Test Settings" id="55459988-9cf0-40e7-af71-843e58f774ac">
    <Deployment runDeploymentRoot="Morphious_XENIOUS 2012-09-21 02_48_03">
      <DeploymentItem filename="C:\Users\Morphious\Desktop\Ewok.Machine\Ewok.Machine\bin\Debug\Ewok.Machine.Common.dll" />
      <DeploymentItem filename="C:\Users\Morphious\Desktop\Ewok.Machine\Ewok.Machine.Emu\bin\Debug\Ewok.exe" />
      <DeploymentItem filename="C:\Users\Morphious\Desktop\Ewok.Machine\Ewok.Machine.ProcessingUnit.6811\bin\Debug\Ewok.Machine.ProcessingUnit.6811.dll" />
      <DeploymentItem filename="C:\Users\Morphious\Desktop\Ewok.Machine\Ewok.Machine.Dasm\bin\Debug\Ewok.Machine.Dasm.S19.dll" />
      <DeploymentItem filename="C:\Users\Morphious\Desktop\Ewok.Machine\Ewok.Machine.Debug\bin\Debug\Ewok.Machine.Debug.dll" />
      <DeploymentItem filename="C:\Users\Morphious\Desktop\Ewok.Machine\Ewok.Machine.Common.ProcessingUnit\bin\Debug\Ewok.Machine.Common.ProcessingUnit.dll" />
      <DeploymentItem filename="C:\Users\Morphious\Desktop\Ewok.Machine\Ewok.Machine.Asm.S19\bin\Debug\Ewok.Machine.Asm.S19.exe" />
    </Deployment>
    <Execution>
      <TestTypeSpecific />
      <AgentRule name="Execution Agents">
      </AgentRule>
    </Execution>
  </TestSettings>
  <Times creation="2012-09-21T02:48:03.9077117+10:00" queuing="2012-09-21T02:48:06.1568404+10:00" start="2012-09-21T02:48:06.3608521+10:00" finish="2012-09-21T02:48:38.0086622+10:00" />
  <ResultSummary outcome="Error">
    <Counters total="10" executed="7" passed="6" error="0" failed="0" timeout="0" aborted="1" inconclusive="0" passedButRunAborted="0" notRunnable="0" notExecuted="3" disconnected="0" warning="0" completed="0" inProgress="0" pending="0" />
    <RunInfos>
      <RunInfo computerName="XENIOUS" outcome="Error" timestamp="2012-09-21T02:48:38.0046620+10:00">
        <Text>Test host process exited unexpectedly.</Text>
      </RunInfo>
    </RunInfos>
  </ResultSummary>
  <TestDefinitions>
    <UnitTest name="TestNegation" storage="c:\users\morphious\desktop\ewok.machine\ewok.machine.emu.lang.test\bin\debug\ewok.lang.test.dll" id="b9927f32-cda0-db75-0e8b-87ab650d827a">
      <Execution id="bc1a368b-a47d-4c9e-b083-ef58b141c17b" />
      <TestMethod codeBase="C:/Users/Morphious/Desktop/Ewok.Machine/Ewok.Machine.Emu.Lang.Test/bin/Debug/Ewok.Lang.Test.DLL" adapterTypeName="Microsoft.VisualStudio.TestTools.TestTypes.Unit.UnitTestAdapter, Microsoft.VisualStudio.QualityTools.Tips.UnitTest.Adapter, Version=10.0.0.0, Culture=neutral, PublicKeyToken=b03f5f7f11d50a3a" className="Ewok.Lang.Test.Lang_6811, Ewok.Lang.Test, Version=1.0.0.0, Culture=neutral, PublicKeyToken=null" name="TestNegation" />
    </UnitTest>
    <UnitTest name="TestSubroutines" storage="c:\users\morphious\desktop\ewok.machine\ewok.machine.emu.lang.test\bin\debug\ewok.lang.test.dll" id="782bdfc9-8d74-34ac-8bfd-04daa972eddd">
      <Execution id="ac832d4d-7eae-45af-a631-20d00dcf8d92" />
      <TestMethod codeBase="C:/Users/Morphious/Desktop/Ewok.Machine/Ewok.Machine.Emu.Lang.Test/bin/Debug/Ewok.Lang.Test.DLL" adapterTypeName="Microsoft.VisualStudio.TestTools.TestTypes.Unit.UnitTestAdapter, Microsoft.VisualStudio.QualityTools.Tips.UnitTest.Adapter, Version=10.0.0.0, Culture=neutral, PublicKeyToken=b03f5f7f11d50a3a" className="Ewok.Lang.Test.Lang_6811, Ewok.Lang.Test, Version=1.0.0.0, Culture=neutral, PublicKeyToken=null" name="TestSubroutines" />
    </UnitTest>
    <UnitTest name="TestJumping" storage="c:\users\morphious\desktop\ewok.machine\ewok.machine.emu.lang.test\bin\debug\ewok.lang.test.dll" id="d06a1aa4-2d1c-851a-72a4-3aa3d8922a30">
      <Execution id="06c93888-f65d-4167-accc-2ee2cc214780" />
      <TestMethod codeBase="C:/Users/Morphious/Desktop/Ewok.Machine/Ewok.Machine.Emu.Lang.Test/bin/Debug/Ewok.Lang.Test.DLL" adapterTypeName="Microsoft.VisualStudio.TestTools.TestTypes.Unit.UnitTestAdapter, Microsoft.VisualStudio.QualityTools.Tips.UnitTest.Adapter, Version=10.0.0.0, Culture=neutral, PublicKeyToken=b03f5f7f11d50a3a" className="Ewok.Lang.Test.Lang_6811, Ewok.Lang.Test, Version=1.0.0.0, Culture=neutral, PublicKeyToken=null" name="TestJumping" />
    </UnitTest>
    <UnitTest name="TestInterrupts" storage="c:\users\morphious\desktop\ewok.machine\ewok.machine.emu.lang.test\bin\debug\ewok.lang.test.dll" id="69198047-6440-1cd4-517e-1f4650bf925a">
      <Execution id="f54b3efd-45da-4cb0-8912-9d4c336af70c" />
      <TestMethod codeBase="C:/Users/Morphious/Desktop/Ewok.Machine/Ewok.Machine.Emu.Lang.Test/bin/Debug/Ewok.Lang.Test.DLL" adapterTypeName="Microsoft.VisualStudio.TestTools.TestTypes.Unit.UnitTestAdapter, Microsoft.VisualStudio.QualityTools.Tips.UnitTest.Adapter, Version=10.0.0.0, Culture=neutral, PublicKeyToken=b03f5f7f11d50a3a" className="Ewok.Lang.Test.Lang_6811, Ewok.Lang.Test, Version=1.0.0.0, Culture=neutral, PublicKeyToken=null" name="TestInterrupts" />
    </UnitTest>
    <UnitTest name="TestLoadAccumulators" storage="c:\users\morphious\desktop\ewok.machine\ewok.machine.emu.lang.test\bin\debug\ewok.lang.test.dll" id="b9c0067a-4126-9aea-5754-0bf99f15bbe7">
      <Execution id="0577da4f-a7fd-4e43-8676-c71f0a79244a" />
      <TestMethod codeBase="C:/Users/Morphious/Desktop/Ewok.Machine/Ewok.Machine.Emu.Lang.Test/bin/Debug/Ewok.Lang.Test.DLL" adapterTypeName="Microsoft.VisualStudio.TestTools.TestTypes.Unit.UnitTestAdapter, Microsoft.VisualStudio.QualityTools.Tips.UnitTest.Adapter, Version=10.0.0.0, Culture=neutral, PublicKeyToken=b03f5f7f11d50a3a" className="Ewok.Lang.Test.Lang_6811, Ewok.Lang.Test, Version=1.0.0.0, Culture=neutral, PublicKeyToken=null" name="TestLoadAccumulators" />
    </UnitTest>
    <UnitTest name="TestLoadIndexRegisters" storage="c:\users\morphious\desktop\ewok.machine\ewok.machine.emu.lang.test\bin\debug\ewok.lang.test.dll" id="0be6db12-fd7a-792c-a953-d369c4213215">
      <Execution id="9837418d-7057-4d50-b1c9-8f60c585adf4" />
      <TestMethod codeBase="C:/Users/Morphious/Desktop/Ewok.Machine/Ewok.Machine.Emu.Lang.Test/bin/Debug/Ewok.Lang.Test.DLL" adapterTypeName="Microsoft.VisualStudio.TestTools.TestTypes.Unit.UnitTestAdapter, Microsoft.VisualStudio.QualityTools.Tips.UnitTest.Adapter, Version=10.0.0.0, Culture=neutral, PublicKeyToken=b03f5f7f11d50a3a" className="Ewok.Lang.Test.Lang_6811, Ewok.Lang.Test, Version=1.0.0.0, Culture=neutral, PublicKeyToken=null" name="TestLoadIndexRegisters" />
    </UnitTest>
    <UnitTest name="TestRAMOperations" storage="c:\users\morphious\desktop\ewok.machine\ewok.machine.emu.lang.test\bin\debug\ewok.lang.test.dll" id="22c13d98-ab81-f52d-893e-377b1c300f83">
      <Execution id="2ab56785-ff64-4fdb-b510-d0c677e57537" />
      <TestMethod codeBase="C:/Users/Morphious/Desktop/Ewok.Machine/Ewok.Machine.Emu.Lang.Test/bin/Debug/Ewok.Lang.Test.DLL" adapterTypeName="Microsoft.VisualStudio.TestTools.TestTypes.Unit.UnitTestAdapter, Microsoft.VisualStudio.QualityTools.Tips.UnitTest.Adapter, Version=10.0.0.0, Culture=neutral, PublicKeyToken=b03f5f7f11d50a3a" className="Ewok.Lang.Test.Lang_6811, Ewok.Lang.Test, Version=1.0.0.0, Culture=neutral, PublicKeyToken=null" name="TestRAMOperations" />
    </UnitTest>
    <UnitTest name="TestSubtraction" storage="c:\users\morphious\desktop\ewok.machine\ewok.machine.emu.lang.test\bin\debug\ewok.lang.test.dll" id="01ecdc32-ebea-8a1d-2d95-b8121f3d911b">
      <Execution id="f0b20e56-1c58-4990-bd0c-d8ec33667443" />
      <TestMethod codeBase="C:/Users/Morphious/Desktop/Ewok.Machine/Ewok.Machine.Emu.Lang.Test/bin/Debug/Ewok.Lang.Test.DLL" adapterTypeName="Microsoft.VisualStudio.TestTools.TestTypes.Unit.UnitTestAdapter, Microsoft.VisualStudio.QualityTools.Tips.UnitTest.Adapter, Version=10.0.0.0, Culture=neutral, PublicKeyToken=b03f5f7f11d50a3a" className="Ewok.Lang.Test.Lang_6811, Ewok.Lang.Test, Version=1.0.0.0, Culture=neutral, PublicKeyToken=null" name="TestSubtraction" />
    </UnitTest>
    <UnitTest name="TestAddition" storage="c:\users\morphious\desktop\ewok.machine\ewok.machine.emu.lang.test\bin\debug\ewok.lang.test.dll" id="87e98c1c-8de4-c15a-dd5d-ee3e8effbd88">
      <Execution id="86fbd256-c629-4283-a912-7181df0ddd32" />
      <TestMethod codeBase="C:/Users/Morphious/Desktop/Ewok.Machine/Ewok.Machine.Emu.Lang.Test/bin/Debug/Ewok.Lang.Test.DLL" adapterTypeName="Microsoft.VisualStudio.TestTools.TestTypes.Unit.UnitTestAdapter, Microsoft.VisualStudio.QualityTools.Tips.UnitTest.Adapter, Version=10.0.0.0, Culture=neutral, PublicKeyToken=b03f5f7f11d50a3a" className="Ewok.Lang.Test.Lang_6811, Ewok.Lang.Test, Version=1.0.0.0, Culture=neutral, PublicKeyToken=null" name="TestAddition" />
    </UnitTest>
    <UnitTest name="TestStackOperations" storage="c:\users\morphious\desktop\ewok.machine\ewok.machine.emu.lang.test\bin\debug\ewok.lang.test.dll" id="a1c85a3e-f83c-203f-656c-63047d98dd68">
      <Execution id="ca17365f-ae5f-4e78-b0a3-8e3e1ea775ad" />
      <TestMethod codeBase="C:/Users/Morphious/Desktop/Ewok.Machine/Ewok.Machine.Emu.Lang.Test/bin/Debug/Ewok.Lang.Test.DLL" adapterTypeName="Microsoft.VisualStudio.TestTools.TestTypes.Unit.UnitTestAdapter, Microsoft.VisualStudio.QualityTools.Tips.UnitTest.Adapter, Version=10.0.0.0, Culture=neutral, PublicKeyToken=b03f5f7f11d50a3a" className="Ewok.Lang.Test.Lang_6811, Ewok.Lang.Test, Version=1.0.0.0, Culture=neutral, PublicKeyToken=null" name="TestStackOperations" />
    </UnitTest>
  </TestDefinitions>
  <TestLists>
    <TestList name="Results Not in a List" id="8c84fa94-04c1-424b-9868-57a2d4851a1d" />
    <TestList name="All Loaded Results" id="19431567-8539-422a-85d7-44ee4e166bda" />
  </TestLists>
  <TestEntries>
    <TestEntry testId="b9c0067a-4126-9aea-5754-0bf99f15bbe7" executionId="0577da4f-a7fd-4e43-8676-c71f0a79244a" testListId="8c84fa94-04c1-424b-9868-57a2d4851a1d" />
    <TestEntry testId="0be6db12-fd7a-792c-a953-d369c4213215" executionId="9837418d-7057-4d50-b1c9-8f60c585adf4" testListId="8c84fa94-04c1-424b-9868-57a2d4851a1d" />
    <TestEntry testId="87e98c1c-8de4-c15a-dd5d-ee3e8effbd88" executionId="86fbd256-c629-4283-a912-7181df0ddd32" testListId="8c84fa94-04c1-424b-9868-57a2d4851a1d" />
    <TestEntry testId="01ecdc32-ebea-8a1d-2d95-b8121f3d911b" executionId="f0b20e56-1c58-4990-bd0c-d8ec33667443" testListId="8c84fa94-04c1-424b-9868-57a2d4851a1d" />
    <TestEntry testId="b9927f32-cda0-db75-0e8b-87ab650d827a" executionId="bc1a368b-a47d-4c9e-b083-ef58b141c17b" testListId="8c84fa94-04c1-424b-9868-57a2d4851a1d" />
    <TestEntry testId="d06a1aa4-2d1c-851a-72a4-3aa3d8922a30" executionId="06c93888-f65d-4167-accc-2ee2cc214780" testListId="8c84fa94-04c1-424b-9868-57a2d4851a1d" />
    <TestEntry testId="782bdfc9-8d74-34ac-8bfd-04daa972eddd" executionId="ac832d4d-7eae-45af-a631-20d00dcf8d92" testListId="8c84fa94-04c1-424b-9868-57a2d4851a1d" />
    <TestEntry testId="a1c85a3e-f83c-203f-656c-63047d98dd68" executionId="ca17365f-ae5f-4e78-b0a3-8e3e1ea775ad" testListId="8c84fa94-04c1-424b-9868-57a2d4851a1d" />
    <TestEntry testId="22c13d98-ab81-f52d-893e-377b1c300f83" executionId="2ab56785-ff64-4fdb-b510-d0c677e57537" testListId="8c84fa94-04c1-424b-9868-57a2d4851a1d" />
    <TestEntry testId="69198047-6440-1cd4-517e-1f4650bf925a" executionId="f54b3efd-45da-4cb0-8912-9d4c336af70c" testListId="8c84fa94-04c1-424b-9868-57a2d4851a1d" />
  </TestEntries>
  <Results>
    <UnitTestResult executionId="0577da4f-a7fd-4e43-8676-c71f0a79244a" testId="b9c0067a-4126-9aea-5754-0bf99f15bbe7" testName="TestLoadAccumulators" computerName="XENIOUS" duration="00:00:00.1223833" startTime="2012-09-21T02:48:06.4818590+10:00" endTime="2012-09-21T02:48:08.7419883+10:00" testType="13cdc9d9-ddb5-4fa4-a97d-d965ccfc6d4b" outcome="Passed" testListId="8c84fa94-04c1-424b-9868-57a2d4851a1d" relativeResultsDirectory="0577da4f-a7fd-4e43-8676-c71f0a79244a">
    </UnitTestResult>
    <UnitTestResult executionId="9837418d-7057-4d50-b1c9-8f60c585adf4" testId="0be6db12-fd7a-792c-a953-d369c4213215" testName="TestLoadIndexRegisters" computerName="XENIOUS" duration="00:00:00.1717201" startTime="2012-09-21T02:48:08.7759902+10:00" endTime="2012-09-21T02:48:08.9580006+10:00" testType="13cdc9d9-ddb5-4fa4-a97d-d965ccfc6d4b" outcome="Passed" testListId="8c84fa94-04c1-424b-9868-57a2d4851a1d" relativeResultsDirectory="9837418d-7057-4d50-b1c9-8f60c585adf4">
    </UnitTestResult>
    <UnitTestResult executionId="86fbd256-c629-4283-a912-7181df0ddd32" testId="87e98c1c-8de4-c15a-dd5d-ee3e8effbd88" testName="TestAddition" computerName="XENIOUS" duration="00:00:00.1465626" startTime="2012-09-21T02:48:08.9760016+10:00" endTime="2012-09-21T02:48:09.1300104+10:00" testType="13cdc9d9-ddb5-4fa4-a97d-d965ccfc6d4b" outcome="Passed" testListId="8c84fa94-04c1-424b-9868-57a2d4851a1d" relativeResultsDirectory="86fbd256-c629-4283-a912-7181df0ddd32">
    </UnitTestResult>
    <UnitTestResult executionId="f0b20e56-1c58-4990-bd0c-d8ec33667443" testId="01ecdc32-ebea-8a1d-2d95-b8121f3d911b" testName="TestSubtraction" computerName="XENIOUS" duration="00:00:00.0832999" startTime="2012-09-21T02:48:09.1420111+10:00" endTime="2012-09-21T02:48:09.2520174+10:00" testType="13cdc9d9-ddb5-4fa4-a97d-d965ccfc6d4b" outcome="Passed" testListId="8c84fa94-04c1-424b-9868-57a2d4851a1d" relativeResultsDirectory="f0b20e56-1c58-4990-bd0c-d8ec33667443">
    </UnitTestResult>
    <UnitTestResult executionId="bc1a368b-a47d-4c9e-b083-ef58b141c17b" testId="b9927f32-cda0-db75-0e8b-87ab650d827a" testName="TestNegation" computerName="XENIOUS" duration="00:00:00.0573678" startTime="2012-09-21T02:48:09.2680183+10:00" endTime="2012-09-21T02:48:09.3320220+10:00" testType="13cdc9d9-ddb5-4fa4-a97d-d965ccfc6d4b" outcome="Passed" testListId="8c84fa94-04c1-424b-9868-57a2d4851a1d" relativeResultsDirectory="bc1a368b-a47d-4c9e-b083-ef58b141c17b">
    </UnitTestResult>
    <UnitTestResult executionId="06c93888-f65d-4167-accc-2ee2cc214780" testId="d06a1aa4-2d1c-851a-72a4-3aa3d8922a30" testName="TestJumping" computerName="XENIOUS" duration="00:00:00.1084005" startTime="2012-09-21T02:48:09.3560234+10:00" endTime="2012-09-21T02:48:09.5130324+10:00" testType="13cdc9d9-ddb5-4fa4-a97d-d965ccfc6d4b" outcome="Passed" testListId="8c84fa94-04c1-424b-9868-57a2d4851a1d" relativeResultsDirectory="06c93888-f65d-4167-accc-2ee2cc214780">
    </UnitTestResult>
    <UnitTestResult executionId="ac832d4d-7eae-45af-a631-20d00dcf8d92" testId="782bdfc9-8d74-34ac-8bfd-04daa972eddd" testName="TestSubroutines" computerName="XENIOUS" duration="00:00:28.4776289" startTime="2012-09-21T02:48:09.5300333+10:00" endTime="2012-09-21T02:48:38.0076622+10:00" testType="13cdc9d9-ddb5-4fa4-a97d-d965ccfc6d4b" outcome="Aborted" testListId="8c84fa94-04c1-424b-9868-57a2d4851a1d" relativeResultsDirectory="ac832d4d-7eae-45af-a631-20d00dcf8d92">
    </UnitTestResult>
    <UnitTestResult executionId="ca17365f-ae5f-4e78-b0a3-8e3e1ea775ad" testId="a1c85a3e-f83c-203f-656c-63047d98dd68" testName="TestStackOperations" computerName="XENIOUS" testType="13cdc9d9-ddb5-4fa4-a97d-d965ccfc6d4b" outcome="NotExecuted" testListId="8c84fa94-04c1-424b-9868-57a2d4851a1d" relativeResultsDirectory="ca17365f-ae5f-4e78-b0a3-8e3e1ea775ad">
    </UnitTestResult>
    <UnitTestResult executionId="2ab56785-ff64-4fdb-b510-d0c677e57537" testId="22c13d98-ab81-f52d-893e-377b1c300f83" testName="TestRAMOperations" computerName="XENIOUS" testType="13cdc9d9-ddb5-4fa4-a97d-d965ccfc6d4b" outcome="NotExecuted" testListId="8c84fa94-04c1-424b-9868-57a2d4851a1d" relativeResultsDirectory="2ab56785-ff64-4fdb-b510-d0c677e57537">
    </UnitTestResult>
    <UnitTestResult executionId="f54b3efd-45da-4cb0-8912-9d4c336af70c" testId="69198047-6440-1cd4-517e-1f4650bf925a" testName="TestInterrupts" computerName="XENIOUS" testType="13cdc9d9-ddb5-4fa4-a97d-d965ccfc6d4b" outcome="NotExecuted" testListId="8c84fa94-04c1-424b-9868-57a2d4851a1d" relativeResultsDirectory="f54b3efd-45da-4cb0-8912-9d4c336af70c">
    </UnitTestResult>
  </Results>
</TestRun>